[     191ms] [INFO] %cDownload the React DevTools for a better development experience: https://reactjs.org/link/react-devtools font-weight:bold @ http://localhost:5174/node_modules/.vite/deps/chunk-KVMAXHTM.js?v=808fa908:21608
[     290ms] [ERROR] Access to fetch at 'http://localhost:8787/api/health' from origin 'http://localhost:5174' has been blocked by CORS policy: Response to preflight request doesn't pass access control check: The 'Access-Control-Allow-Origin' header has a value 'http://localhost:5173' that is not equal to the supplied origin. Have the server send the header with a valid value. @ http://localhost:5174/:0
[     291ms] [ERROR] Failed to load resource: net::ERR_FAILED @ http://localhost:8787/api/health:0
[     291ms] [ERROR] Access to fetch at 'http://localhost:8787/api/assets/destinations' from origin 'http://localhost:5174' has been blocked by CORS policy: Response to preflight request doesn't pass access control check: The 'Access-Control-Allow-Origin' header has a value 'http://localhost:5173' that is not equal to the supplied origin. Have the server send the header with a valid value. @ http://localhost:5174/:0
[     292ms] [ERROR] Failed to load resource: net::ERR_FAILED @ http://localhost:8787/api/assets/destinations:0
[     294ms] [ERROR] Access to fetch at 'http://localhost:8787/api/health' from origin 'http://localhost:5174' has been blocked by CORS policy: Response to preflight request doesn't pass access control check: The 'Access-Control-Allow-Origin' header has a value 'http://localhost:5173' that is not equal to the supplied origin. Have the server send the header with a valid value. @ http://localhost:5174/:0
[     294ms] [ERROR] Failed to load resource: net::ERR_FAILED @ http://localhost:8787/api/health:0
[     295ms] [ERROR] Access to fetch at 'http://localhost:8787/api/assets/destinations' from origin 'http://localhost:5174' has been blocked by CORS policy: Response to preflight request doesn't pass access control check: The 'Access-Control-Allow-Origin' header has a value 'http://localhost:5173' that is not equal to the supplied origin. Have the server send the header with a valid value. @ http://localhost:5174/:0
[     295ms] [ERROR] Failed to load resource: net::ERR_FAILED @ http://localhost:8787/api/assets/destinations:0
[   76883ms] [INFO] %cDownload the React DevTools for a better development experience: https://reactjs.org/link/react-devtools font-weight:bold @ http://localhost:5174/node_modules/.vite/deps/chunk-KVMAXHTM.js?v=808fa908:21608
[   76926ms] [ERROR] Access to fetch at 'http://localhost:8787/api/health' from origin 'http://localhost:5174' has been blocked by CORS policy: Response to preflight request doesn't pass access control check: The 'Access-Control-Allow-Origin' header has a value 'http://localhost:5173' that is not equal to the supplied origin. Have the server send the header with a valid value. @ http://localhost:5174/:0
[   76926ms] [ERROR] Failed to load resource: net::ERR_FAILED @ http://localhost:8787/api/health:0
[   76926ms] [ERROR] Access to fetch at 'http://localhost:8787/api/assets/destinations' from origin 'http://localhost:5174' has been blocked by CORS policy: Response to preflight request doesn't pass access control check: The 'Access-Control-Allow-Origin' header has a value 'http://localhost:5173' that is not equal to the supplied origin. Have the server send the header with a valid value. @ http://localhost:5174/:0
[   76926ms] [ERROR] Failed to load resource: net::ERR_FAILED @ http://localhost:8787/api/assets/destinations:0
[   76926ms] [ERROR] Access to fetch at 'http://localhost:8787/api/health' from origin 'http://localhost:5174' has been blocked by CORS policy: Response to preflight request doesn't pass access control check: The 'Access-Control-Allow-Origin' header has a value 'http://localhost:5173' that is not equal to the supplied origin. Have the server send the header with a valid value. @ http://localhost:5174/:0
[   76926ms] [ERROR] Failed to load resource: net::ERR_FAILED @ http://localhost:8787/api/health:0
[   76927ms] [ERROR] Access to fetch at 'http://localhost:8787/api/assets/destinations' from origin 'http://localhost:5174' has been blocked by CORS policy: Response to preflight request doesn't pass access control check: The 'Access-Control-Allow-Origin' header has a value 'http://localhost:5173' that is not equal to the supplied origin. Have the server send the header with a valid value. @ http://localhost:5174/:0
[   76927ms] [ERROR] Failed to load resource: net::ERR_FAILED @ http://localhost:8787/api/assets/destinations:0
[  162877ms] [INFO] %cDownload the React DevTools for a better development experience: https://reactjs.org/link/react-devtools font-weight:bold @ http://localhost:5174/node_modules/.vite/deps/chunk-KVMAXHTM.js?v=808fa908:21608
[  162905ms] [ERROR] Access to fetch at 'http://localhost:8787/api/health' from origin 'http://localhost:5174' has been blocked by CORS policy: Response to preflight request doesn't pass access control check: The 'Access-Control-Allow-Origin' header has a value 'http://localhost:5173' that is not equal to the supplied origin. Have the server send the header with a valid value. @ http://localhost:5174/:0
[  162905ms] [ERROR] Failed to load resource: net::ERR_FAILED @ http://localhost:8787/api/health:0
[  162905ms] [ERROR] Access to fetch at 'http://localhost:8787/api/assets/destinations' from origin 'http://localhost:5174' has been blocked by CORS policy: Response to preflight request doesn't pass access control check: The 'Access-Control-Allow-Origin' header has a value 'http://localhost:5173' that is not equal to the supplied origin. Have the server send the header with a valid value. @ http://localhost:5174/:0
[  162905ms] [ERROR] Failed to load resource: net::ERR_FAILED @ http://localhost:8787/api/assets/destinations:0
[  162905ms] [ERROR] Access to fetch at 'http://localhost:8787/api/health' from origin 'http://localhost:5174' has been blocked by CORS policy: Response to preflight request doesn't pass access control check: The 'Access-Control-Allow-Origin' header has a value 'http://localhost:5173' that is not equal to the supplied origin. Have the server send the header with a valid value. @ http://localhost:5174/:0
[  162905ms] [ERROR] Failed to load resource: net::ERR_FAILED @ http://localhost:8787/api/health:0
[  162905ms] [ERROR] Access to fetch at 'http://localhost:8787/api/assets/destinations' from origin 'http://localhost:5174' has been blocked by CORS policy: Response to preflight request doesn't pass access control check: The 'Access-Control-Allow-Origin' header has a value 'http://localhost:5173' that is not equal to the supplied origin. Have the server send the header with a valid value. @ http://localhost:5174/:0
[  162905ms] [ERROR] Failed to load resource: net::ERR_FAILED @ http://localhost:8787/api/assets/destinations:0
