[    1460ms] [INFO] %cDownload the React DevTools for a better development experience: https://reactjs.org/link/react-devtools font-weight:bold @ http://localhost:5174/node_modules/.vite/deps/chunk-KVMAXHTM.js?v=6167bee1:21608
[    1689ms] [ERROR] Access to fetch at 'http://localhost:8787/api/health' from origin 'http://localhost:5174' has been blocked by CORS policy: Response to preflight request doesn't pass access control check: The 'Access-Control-Allow-Origin' header has a value 'http://localhost:5173' that is not equal to the supplied origin. Have the server send the header with a valid value. @ http://localhost:5174/:0
[    1691ms] [ERROR] Failed to load resource: net::ERR_FAILED @ http://localhost:8787/api/health:0
[    1691ms] [ERROR] Access to fetch at 'http://localhost:8787/api/assets/destinations' from origin 'http://localhost:5174' has been blocked by CORS policy: Response to preflight request doesn't pass access control check: The 'Access-Control-Allow-Origin' header has a value 'http://localhost:5173' that is not equal to the supplied origin. Have the server send the header with a valid value. @ http://localhost:5174/:0
[    1691ms] [ERROR] Failed to load resource: net::ERR_FAILED @ http://localhost:8787/api/assets/destinations:0
[    1691ms] [ERROR] Access to fetch at 'http://localhost:8787/api/health' from origin 'http://localhost:5174' has been blocked by CORS policy: Response to preflight request doesn't pass access control check: The 'Access-Control-Allow-Origin' header has a value 'http://localhost:5173' that is not equal to the supplied origin. Have the server send the header with a valid value. @ http://localhost:5174/:0
[    1691ms] [ERROR] Failed to load resource: net::ERR_FAILED @ http://localhost:8787/api/health:0
[    1691ms] [ERROR] Access to fetch at 'http://localhost:8787/api/assets/destinations' from origin 'http://localhost:5174' has been blocked by CORS policy: Response to preflight request doesn't pass access control check: The 'Access-Control-Allow-Origin' header has a value 'http://localhost:5173' that is not equal to the supplied origin. Have the server send the header with a valid value. @ http://localhost:5174/:0
[    1691ms] [ERROR] Failed to load resource: net::ERR_FAILED @ http://localhost:8787/api/assets/destinations:0
[   36445ms] [ERROR] Access to fetch at 'http://localhost:8787/api/health' from origin 'http://localhost:5174' has been blocked by CORS policy: Response to preflight request doesn't pass access control check: The 'Access-Control-Allow-Origin' header has a value 'http://localhost:5173' that is not equal to the supplied origin. Have the server send the header with a valid value. @ http://localhost:5174/:0
[   36445ms] [ERROR] Failed to load resource: net::ERR_FAILED @ http://localhost:8787/api/health:0
[   36445ms] [ERROR] Access to fetch at 'http://localhost:8787/api/assets/destinations' from origin 'http://localhost:5174' has been blocked by CORS policy: Response to preflight request doesn't pass access control check: The 'Access-Control-Allow-Origin' header has a value 'http://localhost:5173' that is not equal to the supplied origin. Have the server send the header with a valid value. @ http://localhost:5174/:0
[   36445ms] [ERROR] Failed to load resource: net::ERR_FAILED @ http://localhost:8787/api/assets/destinations:0
[   36445ms] [ERROR] Access to fetch at 'http://localhost:8787/api/health' from origin 'http://localhost:5174' has been blocked by CORS policy: Response to preflight request doesn't pass access control check: The 'Access-Control-Allow-Origin' header has a value 'http://localhost:5173' that is not equal to the supplied origin. Have the server send the header with a valid value. @ http://localhost:5174/:0
[   36445ms] [ERROR] Failed to load resource: net::ERR_FAILED @ http://localhost:8787/api/health:0
[   36445ms] [ERROR] Access to fetch at 'http://localhost:8787/api/assets/destinations' from origin 'http://localhost:5174' has been blocked by CORS policy: Response to preflight request doesn't pass access control check: The 'Access-Control-Allow-Origin' header has a value 'http://localhost:5173' that is not equal to the supplied origin. Have the server send the header with a valid value. @ http://localhost:5174/:0
[   36445ms] [ERROR] Failed to load resource: net::ERR_FAILED @ http://localhost:8787/api/assets/destinations:0
[   51220ms] [INFO] %cDownload the React DevTools for a better development experience: https://reactjs.org/link/react-devtools font-weight:bold @ http://localhost:5174/node_modules/.vite/deps/chunk-KVMAXHTM.js?v=6167bee1:21608
[   51627ms] [ERROR] Access to fetch at 'http://localhost:8787/api/health' from origin 'http://localhost:5174' has been blocked by CORS policy: Response to preflight request doesn't pass access control check: The 'Access-Control-Allow-Origin' header has a value 'http://localhost:5173' that is not equal to the supplied origin. Have the server send the header with a valid value. @ http://localhost:5174/:0
[   51627ms] [ERROR] Failed to load resource: net::ERR_FAILED @ http://localhost:8787/api/health:0
[   51660ms] [ERROR] Access to fetch at 'http://localhost:8787/api/assets/destinations' from origin 'http://localhost:5174' has been blocked by CORS policy: Response to preflight request doesn't pass access control check: The 'Access-Control-Allow-Origin' header has a value 'http://localhost:5173' that is not equal to the supplied origin. Have the server send the header with a valid value. @ http://localhost:5174/:0
[   51660ms] [ERROR] Failed to load resource: net::ERR_FAILED @ http://localhost:8787/api/assets/destinations:0
[   51660ms] [ERROR] Access to fetch at 'http://localhost:8787/api/health' from origin 'http://localhost:5174' has been blocked by CORS policy: Response to preflight request doesn't pass access control check: The 'Access-Control-Allow-Origin' header has a value 'http://localhost:5173' that is not equal to the supplied origin. Have the server send the header with a valid value. @ http://localhost:5174/:0
[   51660ms] [ERROR] Failed to load resource: net::ERR_FAILED @ http://localhost:8787/api/health:0
[   51661ms] [ERROR] Access to fetch at 'http://localhost:8787/api/assets/destinations' from origin 'http://localhost:5174' has been blocked by CORS policy: Response to preflight request doesn't pass access control check: The 'Access-Control-Allow-Origin' header has a value 'http://localhost:5173' that is not equal to the supplied origin. Have the server send the header with a valid value. @ http://localhost:5174/:0
[   51661ms] [ERROR] Failed to load resource: net::ERR_FAILED @ http://localhost:8787/api/assets/destinations:0
[  126421ms] [INFO] %cDownload the React DevTools for a better development experience: https://reactjs.org/link/react-devtools font-weight:bold @ http://localhost:5174/node_modules/.vite/deps/chunk-KVMAXHTM.js?v=6167bee1:21608
[  126708ms] [ERROR] Access to fetch at 'http://localhost:8787/api/health' from origin 'http://localhost:5174' has been blocked by CORS policy: Response to preflight request doesn't pass access control check: The 'Access-Control-Allow-Origin' header has a value 'http://localhost:5173' that is not equal to the supplied origin. Have the server send the header with a valid value. @ http://localhost:5174/:0
[  126708ms] [ERROR] Failed to load resource: net::ERR_FAILED @ http://localhost:8787/api/health:0
[  126708ms] [ERROR] Access to fetch at 'http://localhost:8787/api/assets/destinations' from origin 'http://localhost:5174' has been blocked by CORS policy: Response to preflight request doesn't pass access control check: The 'Access-Control-Allow-Origin' header has a value 'http://localhost:5173' that is not equal to the supplied origin. Have the server send the header with a valid value. @ http://localhost:5174/:0
[  126708ms] [ERROR] Failed to load resource: net::ERR_FAILED @ http://localhost:8787/api/assets/destinations:0
[  126708ms] [ERROR] Access to fetch at 'http://localhost:8787/api/health' from origin 'http://localhost:5174' has been blocked by CORS policy: Response to preflight request doesn't pass access control check: The 'Access-Control-Allow-Origin' header has a value 'http://localhost:5173' that is not equal to the supplied origin. Have the server send the header with a valid value. @ http://localhost:5174/:0
[  126708ms] [ERROR] Failed to load resource: net::ERR_FAILED @ http://localhost:8787/api/health:0
[  126708ms] [ERROR] Access to fetch at 'http://localhost:8787/api/assets/destinations' from origin 'http://localhost:5174' has been blocked by CORS policy: Response to preflight request doesn't pass access control check: The 'Access-Control-Allow-Origin' header has a value 'http://localhost:5173' that is not equal to the supplied origin. Have the server send the header with a valid value. @ http://localhost:5174/:0
[  126708ms] [ERROR] Failed to load resource: net::ERR_FAILED @ http://localhost:8787/api/assets/destinations:0
[  174928ms] [ERROR] Access to fetch at 'http://localhost:8787/api/health' from origin 'http://localhost:5174' has been blocked by CORS policy: Response to preflight request doesn't pass access control check: The 'Access-Control-Allow-Origin' header has a value 'http://localhost:5173' that is not equal to the supplied origin. Have the server send the header with a valid value. @ http://localhost:5174/:0
[  174928ms] [ERROR] Failed to load resource: net::ERR_FAILED @ http://localhost:8787/api/health:0
[  174928ms] [ERROR] Access to fetch at 'http://localhost:8787/api/assets/destinations' from origin 'http://localhost:5174' has been blocked by CORS policy: Response to preflight request doesn't pass access control check: The 'Access-Control-Allow-Origin' header has a value 'http://localhost:5173' that is not equal to the supplied origin. Have the server send the header with a valid value. @ http://localhost:5174/:0
[  174928ms] [ERROR] Failed to load resource: net::ERR_FAILED @ http://localhost:8787/api/assets/destinations:0
[  193783ms] [ERROR] Access to fetch at 'http://localhost:8787/api/health' from origin 'http://localhost:5174' has been blocked by CORS policy: Response to preflight request doesn't pass access control check: The 'Access-Control-Allow-Origin' header has a value 'http://localhost:5173' that is not equal to the supplied origin. Have the server send the header with a valid value. @ http://localhost:5174/:0
[  193783ms] [ERROR] Failed to load resource: net::ERR_FAILED @ http://localhost:8787/api/health:0
[  193783ms] [ERROR] Access to fetch at 'http://localhost:8787/api/assets/destinations' from origin 'http://localhost:5174' has been blocked by CORS policy: Response to preflight request doesn't pass access control check: The 'Access-Control-Allow-Origin' header has a value 'http://localhost:5173' that is not equal to the supplied origin. Have the server send the header with a valid value. @ http://localhost:5174/:0
[  193783ms] [ERROR] Failed to load resource: net::ERR_FAILED @ http://localhost:8787/api/assets/destinations:0
[  215361ms] [INFO] %cDownload the React DevTools for a better development experience: https://reactjs.org/link/react-devtools font-weight:bold @ http://localhost:5174/node_modules/.vite/deps/chunk-KVMAXHTM.js?v=6167bee1:21608
[  215441ms] [ERROR] Access to fetch at 'http://localhost:8787/api/health' from origin 'http://localhost:5174' has been blocked by CORS policy: Response to preflight request doesn't pass access control check: The 'Access-Control-Allow-Origin' header has a value 'http://localhost:5173' that is not equal to the supplied origin. Have the server send the header with a valid value. @ http://localhost:5174/:0
[  215441ms] [ERROR] Failed to load resource: net::ERR_FAILED @ http://localhost:8787/api/health:0
[  215449ms] [ERROR] Access to fetch at 'http://localhost:8787/api/assets/destinations' from origin 'http://localhost:5174' has been blocked by CORS policy: Response to preflight request doesn't pass access control check: The 'Access-Control-Allow-Origin' header has a value 'http://localhost:5173' that is not equal to the supplied origin. Have the server send the header with a valid value. @ http://localhost:5174/:0
[  215449ms] [ERROR] Failed to load resource: net::ERR_FAILED @ http://localhost:8787/api/assets/destinations:0
[  215449ms] [ERROR] Access to fetch at 'http://localhost:8787/api/health' from origin 'http://localhost:5174' has been blocked by CORS policy: Response to preflight request doesn't pass access control check: The 'Access-Control-Allow-Origin' header has a value 'http://localhost:5173' that is not equal to the supplied origin. Have the server send the header with a valid value. @ http://localhost:5174/:0
[  215449ms] [ERROR] Failed to load resource: net::ERR_FAILED @ http://localhost:8787/api/health:0
[  215449ms] [ERROR] Access to fetch at 'http://localhost:8787/api/assets/destinations' from origin 'http://localhost:5174' has been blocked by CORS policy: Response to preflight request doesn't pass access control check: The 'Access-Control-Allow-Origin' header has a value 'http://localhost:5173' that is not equal to the supplied origin. Have the server send the header with a valid value. @ http://localhost:5174/:0
[  215449ms] [ERROR] Failed to load resource: net::ERR_FAILED @ http://localhost:8787/api/assets/destinations:0
[  323814ms] [ERROR] Access to fetch at 'http://localhost:8787/api/health' from origin 'http://localhost:5174' has been blocked by CORS policy: Response to preflight request doesn't pass access control check: The 'Access-Control-Allow-Origin' header has a value 'http://localhost:5173' that is not equal to the supplied origin. Have the server send the header with a valid value. @ http://localhost:5174/:0
[  323814ms] [ERROR] Failed to load resource: net::ERR_FAILED @ http://localhost:8787/api/health:0
[  323814ms] [ERROR] Access to fetch at 'http://localhost:8787/api/assets/destinations' from origin 'http://localhost:5174' has been blocked by CORS policy: Response to preflight request doesn't pass access control check: The 'Access-Control-Allow-Origin' header has a value 'http://localhost:5173' that is not equal to the supplied origin. Have the server send the header with a valid value. @ http://localhost:5174/:0
[  323815ms] [ERROR] Failed to load resource: net::ERR_FAILED @ http://localhost:8787/api/assets/destinations:0
[  324603ms] [ERROR] Access to fetch at 'http://localhost:8787/api/health' from origin 'http://localhost:5174' has been blocked by CORS policy: Response to preflight request doesn't pass access control check: The 'Access-Control-Allow-Origin' header has a value 'http://localhost:5173' that is not equal to the supplied origin. Have the server send the header with a valid value. @ http://localhost:5174/:0
[  324603ms] [ERROR] Failed to load resource: net::ERR_FAILED @ http://localhost:8787/api/health:0
[  324604ms] [ERROR] Access to fetch at 'http://localhost:8787/api/assets/destinations' from origin 'http://localhost:5174' has been blocked by CORS policy: Response to preflight request doesn't pass access control check: The 'Access-Control-Allow-Origin' header has a value 'http://localhost:5173' that is not equal to the supplied origin. Have the server send the header with a valid value. @ http://localhost:5174/:0
[  324604ms] [ERROR] Failed to load resource: net::ERR_FAILED @ http://localhost:8787/api/assets/destinations:0
[  329755ms] [INFO] %cDownload the React DevTools for a better development experience: https://reactjs.org/link/react-devtools font-weight:bold @ http://localhost:5174/node_modules/.vite/deps/chunk-KVMAXHTM.js?v=6167bee1:21608
[  329889ms] [ERROR] Access to fetch at 'http://localhost:8787/api/health' from origin 'http://localhost:5174' has been blocked by CORS policy: Response to preflight request doesn't pass access control check: The 'Access-Control-Allow-Origin' header has a value 'http://localhost:5173' that is not equal to the supplied origin. Have the server send the header with a valid value. @ http://localhost:5174/:0
[  329889ms] [ERROR] Failed to load resource: net::ERR_FAILED @ http://localhost:8787/api/health:0
[  329889ms] [ERROR] Access to fetch at 'http://localhost:8787/api/assets/destinations' from origin 'http://localhost:5174' has been blocked by CORS policy: Response to preflight request doesn't pass access control check: The 'Access-Control-Allow-Origin' header has a value 'http://localhost:5173' that is not equal to the supplied origin. Have the server send the header with a valid value. @ http://localhost:5174/:0
[  329889ms] [ERROR] Failed to load resource: net::ERR_FAILED @ http://localhost:8787/api/assets/destinations:0
[  329894ms] [ERROR] Access to fetch at 'http://localhost:8787/api/health' from origin 'http://localhost:5174' has been blocked by CORS policy: Response to preflight request doesn't pass access control check: The 'Access-Control-Allow-Origin' header has a value 'http://localhost:5173' that is not equal to the supplied origin. Have the server send the header with a valid value. @ http://localhost:5174/:0
[  329894ms] [ERROR] Failed to load resource: net::ERR_FAILED @ http://localhost:8787/api/health:0
[  329894ms] [ERROR] Access to fetch at 'http://localhost:8787/api/assets/destinations' from origin 'http://localhost:5174' has been blocked by CORS policy: Response to preflight request doesn't pass access control check: The 'Access-Control-Allow-Origin' header has a value 'http://localhost:5173' that is not equal to the supplied origin. Have the server send the header with a valid value. @ http://localhost:5174/:0
[  329894ms] [ERROR] Failed to load resource: net::ERR_FAILED @ http://localhost:8787/api/assets/destinations:0
[  513396ms] [ERROR] Access to fetch at 'http://localhost:8787/api/health' from origin 'http://localhost:5174' has been blocked by CORS policy: Response to preflight request doesn't pass access control check: The 'Access-Control-Allow-Origin' header has a value 'http://localhost:5173' that is not equal to the supplied origin. Have the server send the header with a valid value. @ http://localhost:5174/:0
[  513396ms] [ERROR] Failed to load resource: net::ERR_FAILED @ http://localhost:8787/api/health:0
[  513399ms] [ERROR] Access to fetch at 'http://localhost:8787/api/assets/destinations' from origin 'http://localhost:5174' has been blocked by CORS policy: Response to preflight request doesn't pass access control check: The 'Access-Control-Allow-Origin' header has a value 'http://localhost:5173' that is not equal to the supplied origin. Have the server send the header with a valid value. @ http://localhost:5174/:0
[  513399ms] [ERROR] Failed to load resource: net::ERR_FAILED @ http://localhost:8787/api/assets/destinations:0
[  517451ms] [ERROR] Access to fetch at 'http://localhost:8787/api/health' from origin 'http://localhost:5174' has been blocked by CORS policy: Response to preflight request doesn't pass access control check: The 'Access-Control-Allow-Origin' header has a value 'http://localhost:5173' that is not equal to the supplied origin. Have the server send the header with a valid value. @ http://localhost:5174/:0
[  517451ms] [ERROR] Failed to load resource: net::ERR_FAILED @ http://localhost:8787/api/health:0
[  517452ms] [ERROR] Access to fetch at 'http://localhost:8787/api/assets/destinations' from origin 'http://localhost:5174' has been blocked by CORS policy: Response to preflight request doesn't pass access control check: The 'Access-Control-Allow-Origin' header has a value 'http://localhost:5173' that is not equal to the supplied origin. Have the server send the header with a valid value. @ http://localhost:5174/:0
[  517452ms] [ERROR] Failed to load resource: net::ERR_FAILED @ http://localhost:8787/api/assets/destinations:0
[  517452ms] [ERROR] Access to fetch at 'http://localhost:8787/api/health' from origin 'http://localhost:5174' has been blocked by CORS policy: Response to preflight request doesn't pass access control check: The 'Access-Control-Allow-Origin' header has a value 'http://localhost:5173' that is not equal to the supplied origin. Have the server send the header with a valid value. @ http://localhost:5174/:0
[  517452ms] [ERROR] Failed to load resource: net::ERR_FAILED @ http://localhost:8787/api/health:0
[  517452ms] [ERROR] Access to fetch at 'http://localhost:8787/api/assets/destinations' from origin 'http://localhost:5174' has been blocked by CORS policy: Response to preflight request doesn't pass access control check: The 'Access-Control-Allow-Origin' header has a value 'http://localhost:5173' that is not equal to the supplied origin. Have the server send the header with a valid value. @ http://localhost:5174/:0
[  517452ms] [ERROR] Failed to load resource: net::ERR_FAILED @ http://localhost:8787/api/assets/destinations:0
