[     192ms] [INFO] %cDownload the React DevTools for a better development experience: https://reactjs.org/link/react-devtools font-weight:bold @ http://localhost:5174/node_modules/.vite/deps/chunk-KVMAXHTM.js?v=808fa908:21608
[     341ms] [ERROR] Access to fetch at 'http://localhost:8787/api/health' from origin 'http://localhost:5174' has been blocked by CORS policy: Response to preflight request doesn't pass access control check: The 'Access-Control-Allow-Origin' header has a value 'http://localhost:5173' that is not equal to the supplied origin. Have the server send the header with a valid value. @ http://localhost:5174/:0
[     342ms] [ERROR] Failed to load resource: net::ERR_FAILED @ http://localhost:8787/api/health:0
[     355ms] [ERROR] Access to fetch at 'http://localhost:8787/api/assets/destinations' from origin 'http://localhost:5174' has been blocked by CORS policy: Response to preflight request doesn't pass access control check: The 'Access-Control-Allow-Origin' header has a value 'http://localhost:5173' that is not equal to the supplied origin. Have the server send the header with a valid value. @ http://localhost:5174/:0
[     355ms] [ERROR] Failed to load resource: net::ERR_FAILED @ http://localhost:8787/api/assets/destinations:0
[     355ms] [ERROR] Access to fetch at 'http://localhost:8787/api/health' from origin 'http://localhost:5174' has been blocked by CORS policy: Response to preflight request doesn't pass access control check: The 'Access-Control-Allow-Origin' header has a value 'http://localhost:5173' that is not equal to the supplied origin. Have the server send the header with a valid value. @ http://localhost:5174/:0
[     355ms] [ERROR] Failed to load resource: net::ERR_FAILED @ http://localhost:8787/api/health:0
[     360ms] [ERROR] Access to fetch at 'http://localhost:8787/api/assets/destinations' from origin 'http://localhost:5174' has been blocked by CORS policy: Response to preflight request doesn't pass access control check: The 'Access-Control-Allow-Origin' header has a value 'http://localhost:5173' that is not equal to the supplied origin. Have the server send the header with a valid value. @ http://localhost:5174/:0
[     360ms] [ERROR] Failed to load resource: net::ERR_FAILED @ http://localhost:8787/api/assets/destinations:0
[   74607ms] [ERROR] Access to fetch at 'http://localhost:8787/api/health' from origin 'http://localhost:5174' has been blocked by CORS policy: Response to preflight request doesn't pass access control check: The 'Access-Control-Allow-Origin' header has a value 'http://localhost:5173' that is not equal to the supplied origin. Have the server send the header with a valid value. @ http://localhost:5174/:0
[   74607ms] [ERROR] Failed to load resource: net::ERR_FAILED @ http://localhost:8787/api/health:0
[   74611ms] [ERROR] Access to fetch at 'http://localhost:8787/api/assets/destinations' from origin 'http://localhost:5174' has been blocked by CORS policy: Response to preflight request doesn't pass access control check: The 'Access-Control-Allow-Origin' header has a value 'http://localhost:5173' that is not equal to the supplied origin. Have the server send the header with a valid value. @ http://localhost:5174/:0
[   74611ms] [ERROR] Failed to load resource: net::ERR_FAILED @ http://localhost:8787/api/assets/destinations:0
[   74850ms] [ERROR] Access to fetch at 'http://localhost:8787/api/health' from origin 'http://localhost:5174' has been blocked by CORS policy: Response to preflight request doesn't pass access control check: The 'Access-Control-Allow-Origin' header has a value 'http://localhost:5173' that is not equal to the supplied origin. Have the server send the header with a valid value. @ http://localhost:5174/:0
[   74850ms] [ERROR] Failed to load resource: net::ERR_FAILED @ http://localhost:8787/api/health:0
[   74850ms] [ERROR] Access to fetch at 'http://localhost:8787/api/assets/destinations' from origin 'http://localhost:5174' has been blocked by CORS policy: Response to preflight request doesn't pass access control check: The 'Access-Control-Allow-Origin' header has a value 'http://localhost:5173' that is not equal to the supplied origin. Have the server send the header with a valid value. @ http://localhost:5174/:0
[   74850ms] [ERROR] Failed to load resource: net::ERR_FAILED @ http://localhost:8787/api/assets/destinations:0
[   75603ms] [ERROR] Access to fetch at 'http://localhost:8787/api/health' from origin 'http://localhost:5174' has been blocked by CORS policy: Response to preflight request doesn't pass access control check: The 'Access-Control-Allow-Origin' header has a value 'http://localhost:5173' that is not equal to the supplied origin. Have the server send the header with a valid value. @ http://localhost:5174/:0
[   75603ms] [ERROR] Failed to load resource: net::ERR_FAILED @ http://localhost:8787/api/health:0
[   75604ms] [ERROR] Access to fetch at 'http://localhost:8787/api/assets/destinations' from origin 'http://localhost:5174' has been blocked by CORS policy: Response to preflight request doesn't pass access control check: The 'Access-Control-Allow-Origin' header has a value 'http://localhost:5173' that is not equal to the supplied origin. Have the server send the header with a valid value. @ http://localhost:5174/:0
[   75604ms] [ERROR] Failed to load resource: net::ERR_FAILED @ http://localhost:8787/api/assets/destinations:0
[   76182ms] [ERROR] Access to fetch at 'http://localhost:8787/api/health' from origin 'http://localhost:5174' has been blocked by CORS policy: Response to preflight request doesn't pass access control check: The 'Access-Control-Allow-Origin' header has a value 'http://localhost:5173' that is not equal to the supplied origin. Have the server send the header with a valid value. @ http://localhost:5174/:0
[   76182ms] [ERROR] Failed to load resource: net::ERR_FAILED @ http://localhost:8787/api/health:0
[   76183ms] [ERROR] Access to fetch at 'http://localhost:8787/api/assets/destinations' from origin 'http://localhost:5174' has been blocked by CORS policy: Response to preflight request doesn't pass access control check: The 'Access-Control-Allow-Origin' header has a value 'http://localhost:5173' that is not equal to the supplied origin. Have the server send the header with a valid value. @ http://localhost:5174/:0
[   76183ms] [ERROR] Failed to load resource: net::ERR_FAILED @ http://localhost:8787/api/assets/destinations:0
[   77023ms] [ERROR] Access to fetch at 'http://localhost:8787/api/health' from origin 'http://localhost:5174' has been blocked by CORS policy: Response to preflight request doesn't pass access control check: The 'Access-Control-Allow-Origin' header has a value 'http://localhost:5173' that is not equal to the supplied origin. Have the server send the header with a valid value. @ http://localhost:5174/:0
[   77023ms] [ERROR] Failed to load resource: net::ERR_FAILED @ http://localhost:8787/api/health:0
[   77026ms] [ERROR] Access to fetch at 'http://localhost:8787/api/assets/destinations' from origin 'http://localhost:5174' has been blocked by CORS policy: Response to preflight request doesn't pass access control check: The 'Access-Control-Allow-Origin' header has a value 'http://localhost:5173' that is not equal to the supplied origin. Have the server send the header with a valid value. @ http://localhost:5174/:0
[   77026ms] [ERROR] Failed to load resource: net::ERR_FAILED @ http://localhost:8787/api/assets/destinations:0
[   77270ms] [ERROR] Access to fetch at 'http://localhost:8787/api/health' from origin 'http://localhost:5174' has been blocked by CORS policy: Response to preflight request doesn't pass access control check: The 'Access-Control-Allow-Origin' header has a value 'http://localhost:5173' that is not equal to the supplied origin. Have the server send the header with a valid value. @ http://localhost:5174/:0
[   77270ms] [ERROR] Failed to load resource: net::ERR_FAILED @ http://localhost:8787/api/health:0
[   77270ms] [ERROR] Access to fetch at 'http://localhost:8787/api/assets/destinations' from origin 'http://localhost:5174' has been blocked by CORS policy: Response to preflight request doesn't pass access control check: The 'Access-Control-Allow-Origin' header has a value 'http://localhost:5173' that is not equal to the supplied origin. Have the server send the header with a valid value. @ http://localhost:5174/:0
[   77270ms] [ERROR] Failed to load resource: net::ERR_FAILED @ http://localhost:8787/api/assets/destinations:0
[  107074ms] [ERROR] Failed to load resource: the server responded with a status of 500 (Internal Server Error) @ http://localhost:5174/src/styles/app.css?t=1789738997150:0
[  107075ms] [ERROR] [vite] Failed to reload /src/styles/app.css. This could be due to syntax errors or importing non-existent modules. (see errors above) @ http://localhost:5174/@vite/client:881
