[     773ms] [INFO] %cDownload the React DevTools for a better development experience: https://reactjs.org/link/react-devtools font-weight:bold @ http://localhost:5174/node_modules/.vite/deps/chunk-KVMAXHTM.js?v=6167bee1:21608
[    1048ms] [ERROR] Access to fetch at 'http://localhost:8787/api/health' from origin 'http://localhost:5174' has been blocked by CORS policy: Response to preflight request doesn't pass access control check: The 'Access-Control-Allow-Origin' header has a value 'http://localhost:5173' that is not equal to the supplied origin. Have the server send the header with a valid value. @ http://localhost:5174/:0
[    1049ms] [ERROR] Failed to load resource: net::ERR_FAILED @ http://localhost:8787/api/health:0
[    1049ms] [ERROR] Access to fetch at 'http://localhost:8787/api/assets/destinations' from origin 'http://localhost:5174' has been blocked by CORS policy: Response to preflight request doesn't pass access control check: The 'Access-Control-Allow-Origin' header has a value 'http://localhost:5173' that is not equal to the supplied origin. Have the server send the header with a valid value. @ http://localhost:5174/:0
[    1049ms] [ERROR] Failed to load resource: net::ERR_FAILED @ http://localhost:8787/api/assets/destinations:0
[    1049ms] [ERROR] Access to fetch at 'http://localhost:8787/api/health' from origin 'http://localhost:5174' has been blocked by CORS policy: Response to preflight request doesn't pass access control check: The 'Access-Control-Allow-Origin' header has a value 'http://localhost:5173' that is not equal to the supplied origin. Have the server send the header with a valid value. @ http://localhost:5174/:0
[    1050ms] [ERROR] Failed to load resource: net::ERR_FAILED @ http://localhost:8787/api/health:0
[    1050ms] [ERROR] Access to fetch at 'http://localhost:8787/api/assets/destinations' from origin 'http://localhost:5174' has been blocked by CORS policy: Response to preflight request doesn't pass access control check: The 'Access-Control-Allow-Origin' header has a value 'http://localhost:5173' that is not equal to the supplied origin. Have the server send the header with a valid value. @ http://localhost:5174/:0
[    1050ms] [ERROR] Failed to load resource: net::ERR_FAILED @ http://localhost:8787/api/assets/destinations:0
[   39577ms] [ERROR] Access to fetch at 'http://localhost:8787/api/health' from origin 'http://localhost:5174' has been blocked by CORS policy: Response to preflight request doesn't pass access control check: The 'Access-Control-Allow-Origin' header has a value 'http://localhost:5173' that is not equal to the supplied origin. Have the server send the header with a valid value. @ http://localhost:5174/:0
[   39577ms] [ERROR] Failed to load resource: net::ERR_FAILED @ http://localhost:8787/api/health:0
[   39577ms] [ERROR] Access to fetch at 'http://localhost:8787/api/assets/destinations' from origin 'http://localhost:5174' has been blocked by CORS policy: Response to preflight request doesn't pass access control check: The 'Access-Control-Allow-Origin' header has a value 'http://localhost:5173' that is not equal to the supplied origin. Have the server send the header with a valid value. @ http://localhost:5174/:0
[   39577ms] [ERROR] Failed to load resource: net::ERR_FAILED @ http://localhost:8787/api/assets/destinations:0
[   39577ms] [ERROR] Access to fetch at 'http://localhost:8787/api/health' from origin 'http://localhost:5174' has been blocked by CORS policy: Response to preflight request doesn't pass access control check: The 'Access-Control-Allow-Origin' header has a value 'http://localhost:5173' that is not equal to the supplied origin. Have the server send the header with a valid value. @ http://localhost:5174/:0
[   39577ms] [ERROR] Failed to load resource: net::ERR_FAILED @ http://localhost:8787/api/health:0
[   39577ms] [ERROR] Access to fetch at 'http://localhost:8787/api/assets/destinations' from origin 'http://localhost:5174' has been blocked by CORS policy: Response to preflight request doesn't pass access control check: The 'Access-Control-Allow-Origin' header has a value 'http://localhost:5173' that is not equal to the supplied origin. Have the server send the header with a valid value. @ http://localhost:5174/:0
[   39577ms] [ERROR] Failed to load resource: net::ERR_FAILED @ http://localhost:8787/api/assets/destinations:0
[   40074ms] [ERROR] Access to fetch at 'http://localhost:8787/api/health' from origin 'http://localhost:5174' has been blocked by CORS policy: Response to preflight request doesn't pass access control check: The 'Access-Control-Allow-Origin' header has a value 'http://localhost:5173' that is not equal to the supplied origin. Have the server send the header with a valid value. @ http://localhost:5174/:0
[   40074ms] [ERROR] Failed to load resource: net::ERR_FAILED @ http://localhost:8787/api/health:0
[   40074ms] [ERROR] Access to fetch at 'http://localhost:8787/api/assets/destinations' from origin 'http://localhost:5174' has been blocked by CORS policy: Response to preflight request doesn't pass access control check: The 'Access-Control-Allow-Origin' header has a value 'http://localhost:5173' that is not equal to the supplied origin. Have the server send the header with a valid value. @ http://localhost:5174/:0
[   40074ms] [ERROR] Failed to load resource: net::ERR_FAILED @ http://localhost:8787/api/assets/destinations:0
[ 2153587ms] [INFO] %cDownload the React DevTools for a better development experience: https://reactjs.org/link/react-devtools font-weight:bold @ http://localhost:5174/node_modules/.vite/deps/chunk-KVMAXHTM.js?v=6167bee1:21608
[ 2153744ms] [ERROR] Access to fetch at 'http://localhost:8787/api/health' from origin 'http://localhost:5174' has been blocked by CORS policy: Response to preflight request doesn't pass access control check: The 'Access-Control-Allow-Origin' header has a value 'http://localhost:5173' that is not equal to the supplied origin. Have the server send the header with a valid value. @ http://localhost:5174/:0
[ 2153745ms] [ERROR] Failed to load resource: net::ERR_FAILED @ http://localhost:8787/api/health:0
[ 2153758ms] [ERROR] Access to fetch at 'http://localhost:8787/api/assets/destinations' from origin 'http://localhost:5174' has been blocked by CORS policy: Response to preflight request doesn't pass access control check: The 'Access-Control-Allow-Origin' header has a value 'http://localhost:5173' that is not equal to the supplied origin. Have the server send the header with a valid value. @ http://localhost:5174/:0
[ 2153758ms] [ERROR] Failed to load resource: net::ERR_FAILED @ http://localhost:8787/api/assets/destinations:0
[ 2153759ms] [ERROR] Access to fetch at 'http://localhost:8787/api/health' from origin 'http://localhost:5174' has been blocked by CORS policy: Response to preflight request doesn't pass access control check: The 'Access-Control-Allow-Origin' header has a value 'http://localhost:5173' that is not equal to the supplied origin. Have the server send the header with a valid value. @ http://localhost:5174/:0
[ 2153759ms] [ERROR] Failed to load resource: net::ERR_FAILED @ http://localhost:8787/api/health:0
[ 2153759ms] [ERROR] Access to fetch at 'http://localhost:8787/api/assets/destinations' from origin 'http://localhost:5174' has been blocked by CORS policy: Response to preflight request doesn't pass access control check: The 'Access-Control-Allow-Origin' header has a value 'http://localhost:5173' that is not equal to the supplied origin. Have the server send the header with a valid value. @ http://localhost:5174/:0
[ 2153759ms] [ERROR] Failed to load resource: net::ERR_FAILED @ http://localhost:8787/api/assets/destinations:0
[ 2154447ms] [ERROR] Access to fetch at 'http://localhost:8787/api/health' from origin 'http://localhost:5174' has been blocked by CORS policy: Response to preflight request doesn't pass access control check: The 'Access-Control-Allow-Origin' header has a value 'http://localhost:5173' that is not equal to the supplied origin. Have the server send the header with a valid value. @ http://localhost:5174/:0
[ 2154447ms] [ERROR] Failed to load resource: net::ERR_FAILED @ http://localhost:8787/api/health:0
[ 2154448ms] [ERROR] Access to fetch at 'http://localhost:8787/api/assets/destinations' from origin 'http://localhost:5174' has been blocked by CORS policy: Response to preflight request doesn't pass access control check: The 'Access-Control-Allow-Origin' header has a value 'http://localhost:5173' that is not equal to the supplied origin. Have the server send the header with a valid value. @ http://localhost:5174/:0
[ 2154448ms] [ERROR] Failed to load resource: net::ERR_FAILED @ http://localhost:8787/api/assets/destinations:0
[ 2154964ms] [ERROR] Access to fetch at 'http://localhost:8787/api/health' from origin 'http://localhost:5174' has been blocked by CORS policy: Response to preflight request doesn't pass access control check: The 'Access-Control-Allow-Origin' header has a value 'http://localhost:5173' that is not equal to the supplied origin. Have the server send the header with a valid value. @ http://localhost:5174/:0
[ 2154964ms] [ERROR] Failed to load resource: net::ERR_FAILED @ http://localhost:8787/api/health:0
[ 2154964ms] [ERROR] Access to fetch at 'http://localhost:8787/api/assets/destinations' from origin 'http://localhost:5174' has been blocked by CORS policy: Response to preflight request doesn't pass access control check: The 'Access-Control-Allow-Origin' header has a value 'http://localhost:5173' that is not equal to the supplied origin. Have the server send the header with a valid value. @ http://localhost:5174/:0
[ 2154964ms] [ERROR] Failed to load resource: net::ERR_FAILED @ http://localhost:8787/api/assets/destinations:0
[ 2186148ms] [INFO] %cDownload the React DevTools for a better development experience: https://reactjs.org/link/react-devtools font-weight:bold @ http://localhost:5174/node_modules/.vite/deps/chunk-KVMAXHTM.js?v=6167bee1:21608
[ 2186252ms] [ERROR] Access to fetch at 'http://localhost:8787/api/health' from origin 'http://localhost:5174' has been blocked by CORS policy: Response to preflight request doesn't pass access control check: The 'Access-Control-Allow-Origin' header has a value 'http://localhost:5173' that is not equal to the supplied origin. Have the server send the header with a valid value. @ http://localhost:5174/:0
[ 2186252ms] [ERROR] Failed to load resource: net::ERR_FAILED @ http://localhost:8787/api/health:0
[ 2186252ms] [ERROR] Access to fetch at 'http://localhost:8787/api/assets/destinations' from origin 'http://localhost:5174' has been blocked by CORS policy: Response to preflight request doesn't pass access control check: The 'Access-Control-Allow-Origin' header has a value 'http://localhost:5173' that is not equal to the supplied origin. Have the server send the header with a valid value. @ http://localhost:5174/:0
[ 2186252ms] [ERROR] Failed to load resource: net::ERR_FAILED @ http://localhost:8787/api/assets/destinations:0
[ 2186252ms] [ERROR] Access to fetch at 'http://localhost:8787/api/health' from origin 'http://localhost:5174' has been blocked by CORS policy: Response to preflight request doesn't pass access control check: The 'Access-Control-Allow-Origin' header has a value 'http://localhost:5173' that is not equal to the supplied origin. Have the server send the header with a valid value. @ http://localhost:5174/:0
[ 2186252ms] [ERROR] Failed to load resource: net::ERR_FAILED @ http://localhost:8787/api/health:0
[ 2186252ms] [ERROR] Access to fetch at 'http://localhost:8787/api/assets/destinations' from origin 'http://localhost:5174' has been blocked by CORS policy: Response to preflight request doesn't pass access control check: The 'Access-Control-Allow-Origin' header has a value 'http://localhost:5173' that is not equal to the supplied origin. Have the server send the header with a valid value. @ http://localhost:5174/:0
[ 2186252ms] [ERROR] Failed to load resource: net::ERR_FAILED @ http://localhost:8787/api/assets/destinations:0
